BENCH-007b: φ-Distance Extended Range Benchmark
================================================
Formats: all
Cross-reference: whitepaper.md §9.5, issue #12

Range: [-1,1]  (BENCH-007 baseline)
----------------------------------------------------------------------
Format              MSE        MAE    MaxAbsErr     φ-dist InRange
----------------------------------------------------------------------
f32            0.000000   0.000000     0.000000      0.000      ✓
GF64           0.000000   0.000000     0.000000      0.264      ✓
GF32           0.000000   0.000022     0.000086      0.340      ✓
fp16           0.000000   0.000164     0.000488      0.118      ✓
bf16           0.000003   0.001303     0.003906      0.525      ✓
GF16           0.000005   0.001685     0.006572      0.049      ✓
GF8            0.000635   0.018808     0.072891      0.132      ✓
GFTernary      0.274327   0.463541     0.808981      0.000      ✓

Range: [-10,10] (BENCH-007b target)
----------------------------------------------------------------------
Format              MSE        MAE    MaxAbsErr     φ-dist InRange
----------------------------------------------------------------------
f32            0.000000   0.000000     0.000000      0.000      ✓
GF64           0.000000   0.000000     0.000000      0.264      ✓
GF32           0.000000   0.000221     0.000956      0.340      ✓
fp16           0.000006   0.001824     0.007809      0.118      ✓
bf16           0.000410   0.014605     0.062475      0.525      ✓
GF16           0.000520   0.016769     0.072897      0.049      ✓
GF8            6.390662   1.695289     5.763932      0.132   CLIP
GFTernary     19.670186   3.578799     8.381966      0.000   CLIP

Range: [-100,100] (stress test)
----------------------------------------------------------------------
Format              MSE        MAE    MaxAbsErr     φ-dist InRange
----------------------------------------------------------------------
f32            0.000000   0.000000     0.000000      0.000      ✓
GF64           0.000000   0.000000     0.000000      0.264      ✓
GF32           0.000008   0.002144     0.010632      0.340      ✓
fp16           0.000592   0.017996     0.062494      0.118      ✓
bf16           0.039039   0.146101     0.499950      0.525      ✓
GF16           0.047455   0.162744     0.801568      0.049      ✓
GF8          2928.042315  45.862040    95.763932      0.132   CLIP
GFTernary    3174.787932  48.406601    98.381966      0.000   CLIP

Range: φ-distributed [-10,10]
----------------------------------------------------------------------
Format              MSE        MAE    MaxAbsErr     φ-dist InRange
----------------------------------------------------------------------
f32            0.000000   0.000000     0.000000      0.000      ✓
GF64           0.000000   0.000000     0.000000      0.264      ✓
GF32           0.000000   0.000181     0.000593      0.340      ✓
fp16           0.000003   0.001427     0.003904      0.118      ✓
bf16           0.000203   0.011353     0.031248      0.525      ✓
GF16           0.000299   0.013587     0.045082      0.049      ✓
GF8            0.934011   0.646305     2.279514      0.132   CLIP
GFTernary      8.539686   2.517691     4.897548      0.000   CLIP

φ-Distance vs MSE Correlation (range [-10,10], n=10000)
----------------------------------------------------------------------
Hypothesis: formats with lower φ-distance should have lower quantization error
(on φ-distributed inputs that match the format's mathematical basis)

Pearson r (φ-distance vs MSE) = -0.4200
→ WEAK correlation — MSE dominated by bit-width, not φ-alignment

GF Family MSE Ranking at [-10, 10]:
--------------------------------------------------
🥇  1. GF64         MSE=0.000000  φ-dist=0.264
🥈  2. GF32         MSE=0.000000  φ-dist=0.340
🥉  3. fp16         MSE=0.000006  φ-dist=0.118
    4. bf16         MSE=0.000410  φ-dist=0.525
    5. GF16         MSE=0.000520  φ-dist=0.049
    6. GF8          MSE=6.390662  φ-dist=0.132 ← SATURATES
    7. GFTernary    MSE=19.670186  φ-dist=0.000 ← SATURATES

Results: .trinity/results/bench_007b_extended_range.log
Next: BENCH-008 Fashion-MNIST validation
